// Jest Snapshot v1, https://goo.gl/fbAQLP

exports[`Tests in Navbar component should show component correctly 1`] = `
<nav class="navbar bg-primary"><a class="navbar-brand text-white"><img class="d-inline-block align-text-top mx-2" src="" height="24" alt="logo"> Luis</a>
  <div class="d-flex"><button class="btn btn-outline-info mx-5 my-2"><i class="fa fa-sign-out-alt"></i></button></div>
</nav>
`;
