// Jest Snapshot v1, https://goo.gl/fbAQLP

exports[`Tests in EntryView should show entry correctly 1`] = `
<div class="entry-title d-flex justify-content-between p-2">
  <div><span class="text-success fs-3 fw-bold">13</span><span class="fs-3 mx-1">Dec</span><span class="fs-4 mx-2 fw-light">2021, Mon</span></div>
  <div><input type="file" accept="image/png, image/jpg, image/jpeg" style="display: none;"><button class="btn btn-danger">Delete <i class="fa fa-trash-alt"></i></button><button class="btn btn-primary mx-2">Upload photo <i class="fa fa-upload"></i></button><button class="btn btn-"></button></div>
</div>
<hr>
<div class="d-flex flex-column px-3 h-75"><textarea placeholder="What happened today?"></textarea></div>
<fab-stub icon="far fa-save"></fab-stub>
<!--v-if-->
<!--v-if-->
`;
