// Jest Snapshot v1, https://goo.gl/fbAQLP

exports[`Tests in Home View Should match snapshot 1`] = `
<div class="home"><img alt="Vue logo" src="">
  <h1>Home</h1><button class="btn btn-primary">primary</button><button class="btn btn-secondary">secondary</button><button class="btn btn-success">success</button>
</div>
`;
